1>Cantidad: 1
2>Cantidad: 2
3>Cantidad: 1
4>Cantidad: 2
5>Fin.
